two commit in two branch
init
first commit in two branch